// Jest Snapshot v1, https://goo.gl/fbAQLP

exports[`pvm/update generate graph for new package should not fail 1`] = `
"# visit http://viz-js.com/ for debugging
# and https://graphviz.gitlab.io/_pages/pdf/dotguide.pdf for docs
digraph p {
  compound=true;
  rankdir=LR;
  concentrate=true;
  center=true;
  fontname=Helvetica
  labelloc="t"
  ranksep=0.5
  node [fontname=Helvetica fontsize=20]
  edge [color=grey fontname=Helvetica]

  subgraph cluster_0 {
    label=legend color=\\"#eeeeee\\" style=filled
    new[tooltip=\\"release-type: new\\" shape=ellipse color=\\"#11ccbb\\"]
  }

  subgraph cluster_1 {
    penwidth=0;
    label=\\"Packages about to update\\";

    new[label=\\"new@1.0.0\\" tooltip=\\"release-type: new\\" shape=ellipse color=\\"#11ccbb\\"]
  }
}
"
`;

exports[`pvm/update snapshot for originReleaseNotes of pvm update 1`] = `
"Update a dependency:

change-a"
`;
