// Jest Snapshot v1, https://goo.gl/fbAQLP

exports[`pvm/changelog [mono] in default config should use package version for package changelogs 1`] = `
"## v1.2.0
**2018.11.27**

change a again

## v1.1.0
**2018.11.27**

change a"
`;

exports[`pvm/changelog [nomono] should not generate empty section if there are no commits since release 1`] = `
"## v2.0.0
**2018.11.27**

The Captain’s Daughter

## v1.1.0
**2018.11.27**

Dubrovsky

## v1.0.0
**2018.11.27**

Eugene Onegin"
`;

exports[`pvm/changelog should able to regenerate changelog from scratch 1`] = `
"## release-2018.11.27-Princess
**2018.11.27**

change b and c

## release-2018.11.27-Gorno-Altaysk
**2018.11.27**

change a and b"
`;
